{
  "version": "1.5.0",
  "plugins_used": [
    {
      "name": "ArtifactoryDetector"
    },
    {
      "name": "AWSKeyDetector"
    },
    {
      "name": "AzureStorageKeyDetector"
    },
    {
      "name": "Base64HighEntropyString",
      "limit": 4.5
    },
    {
      "name": "BasicAuthDetector"
    },
    {
      "name": "CloudantDetector"
    },
    {
      "name": "DiscordBotTokenDetector"
    },
    {
      "name": "GitHubTokenDetector"
    },
    {
      "name": "GitLabTokenDetector"
    },
    {
      "name": "HexHighEntropyString",
      "limit": 3.0
    },
    {
      "name": "IbmCloudIamDetector"
    },
    {
      "name": "IbmCosHmacDetector"
    },
    {
      "name": "IPPublicDetector"
    },
    {
      "name": "JwtTokenDetector"
    },
    {
      "name": "KeywordDetector",
      "keyword_exclude": ""
    },
    {
      "name": "MailchimpDetector"
    },
    {
      "name": "NpmDetector"
    },
    {
      "name": "OpenAIDetector"
    },
    {
      "name": "PrivateKeyDetector"
    },
    {
      "name": "PypiTokenDetector"
    },
    {
      "name": "SendGridDetector"
    },
    {
      "name": "SlackDetector"
    },
    {
      "name": "SoftlayerDetector"
    },
    {
      "name": "SquareOAuthDetector"
    },
    {
      "name": "StripeDetector"
    },
    {
      "name": "TelegramBotTokenDetector"
    },
    {
      "name": "TwilioKeyDetector"
    }
  ],
  "filters_used": [
    {
      "path": "detect_secrets.filters.allowlist.is_line_allowlisted"
    },
    {
      "path": "detect_secrets.filters.common.is_baseline_file",
      "filename": ".secrets.baseline"
    },
    {
      "path": "detect_secrets.filters.common.is_ignored_due_to_verification_policies",
      "min_level": 2
    },
    {
      "path": "detect_secrets.filters.heuristic.is_indirect_reference"
    },
    {
      "path": "detect_secrets.filters.heuristic.is_likely_id_string"
    },
    {
      "path": "detect_secrets.filters.heuristic.is_lock_file"
    },
    {
      "path": "detect_secrets.filters.heuristic.is_not_alphanumeric_string"
    },
    {
      "path": "detect_secrets.filters.heuristic.is_potential_uuid"
    },
    {
      "path": "detect_secrets.filters.heuristic.is_prefixed_with_dollar_sign"
    },
    {
      "path": "detect_secrets.filters.heuristic.is_sequential_string"
    },
    {
      "path": "detect_secrets.filters.heuristic.is_swagger_file"
    },
    {
      "path": "detect_secrets.filters.heuristic.is_templated_secret"
    },
    {
      "path": "detect_secrets.filters.regex.should_exclude_file",
      "pattern": [
        "^docs/demo/media/|^\\.secrets\\.baseline$"
      ]
    }
  ],
  "results": {
    "tests/fixtures/oauth_registration.json": [
      {
        "type": "Secret Keyword",
        "filename": "tests/fixtures/oauth_registration.json",
        "hashed_secret": "ad87109bfff0765f4dd8cf4943b04d16a4070fea",
        "is_verified": false,
        "line_number": 6
      }
    ],
    "tests/unit/test_credentials.py": [
      {
        "type": "Hex High Entropy String",
        "filename": "tests/unit/test_credentials.py",
        "hashed_secret": "b1775a785f09a6ebaf2dc33d6eaeb98974d9cdb8",
        "is_verified": false,
        "line_number": 165
      }
    ],
    "tests/unit/test_dev_tools.py": [
      {
        "type": "Secret Keyword",
        "filename": "tests/unit/test_dev_tools.py",
        "hashed_secret": "ad87109bfff0765f4dd8cf4943b04d16a4070fea",
        "is_verified": false,
        "line_number": 316
      },
      {
        "type": "Secret Keyword",
        "filename": "tests/unit/test_dev_tools.py",
        "hashed_secret": "65c10dc3549fe07424148a8a4790a3341ecbc253",
        "is_verified": false,
        "line_number": 319
      },
      {
        "type": "Secret Keyword",
        "filename": "tests/unit/test_dev_tools.py",
        "hashed_secret": "16ca7689b5f953679c1b2277cacb8702590a370d",
        "is_verified": false,
        "line_number": 342
      }
    ],
    "tests/unit/test_discussions_leaderboard_writeups.py": [
      {
        "type": "Basic Auth Credentials",
        "filename": "tests/unit/test_discussions_leaderboard_writeups.py",
        "hashed_secret": "9d4e1e23bd5b727046a9e3b4b7db57bd8d6ee684",
        "is_verified": false,
        "line_number": 556
      }
    ],
    "tests/unit/test_net.py": [
      {
        "type": "Basic Auth Credentials",
        "filename": "tests/unit/test_net.py",
        "hashed_secret": "1a91d62f7ca67399625a4368a6ab5d4a3baa6073",
        "is_verified": false,
        "line_number": 63
      }
    ],
    "tools/check_oauth_registration.py": [
      {
        "type": "Secret Keyword",
        "filename": "tools/check_oauth_registration.py",
        "hashed_secret": "16ca7689b5f953679c1b2277cacb8702590a370d",
        "is_verified": false,
        "line_number": 56
      },
      {
        "type": "Secret Keyword",
        "filename": "tools/check_oauth_registration.py",
        "hashed_secret": "ad87109bfff0765f4dd8cf4943b04d16a4070fea",
        "is_verified": false,
        "line_number": 58
      },
      {
        "type": "Secret Keyword",
        "filename": "tools/check_oauth_registration.py",
        "hashed_secret": "65c10dc3549fe07424148a8a4790a3341ecbc253",
        "is_verified": false,
        "line_number": 60
      }
    ]
  },
  "generated_at": "2026-10-03T14:44:48Z"
}
